Archive member included because of file (symbol)

c:/program files (x86)/atmel/atmel toolchain/avr8 gcc/native/3.4.1061/avr8-gnu-toolchain/bin/../lib/gcc/avr/4.8.1/avr25\libgcc.a(_exit.o)
                              c:/program files (x86)/atmel/atmel toolchain/avr8 gcc/native/3.4.1061/avr8-gnu-toolchain/bin/../lib/gcc/avr/4.8.1/../../../../avr/lib/avr25/crttn841.o (exit)
c:/program files (x86)/atmel/atmel toolchain/avr8 gcc/native/3.4.1061/avr8-gnu-toolchain/bin/../lib/gcc/avr/4.8.1/avr25\libgcc.a(_clear_bss.o)
                              TwoWire841.o (__do_clear_bss)
c:/program files (x86)/atmel/atmel toolchain/avr8 gcc/native/3.4.1061/avr8-gnu-toolchain/bin/../lib/gcc/avr/4.8.1/../../../../avr/lib/avr25\libc.a(eerd_word_attiny841.o)
                              bootloader-attiny.o (__eerd_word_tn841)
c:/program files (x86)/atmel/atmel toolchain/avr8 gcc/native/3.4.1061/avr8-gnu-toolchain/bin/../lib/gcc/avr/4.8.1/../../../../avr/lib/avr25\libc.a(eewr_word_attiny841.o)
                              bootloader-attiny.o (__eewr_word_tn841)
c:/program files (x86)/atmel/atmel toolchain/avr8 gcc/native/3.4.1061/avr8-gnu-toolchain/bin/../lib/gcc/avr/4.8.1/../../../../avr/lib/avr25\libc.a(eerd_block_attiny841.o)
                              c:/program files (x86)/atmel/atmel toolchain/avr8 gcc/native/3.4.1061/avr8-gnu-toolchain/bin/../lib/gcc/avr/4.8.1/../../../../avr/lib/avr25\libc.a(eerd_word_attiny841.o) (__eerd_blraw_tn841)
c:/program files (x86)/atmel/atmel toolchain/avr8 gcc/native/3.4.1061/avr8-gnu-toolchain/bin/../lib/gcc/avr/4.8.1/../../../../avr/lib/avr25\libc.a(eewr_byte_attiny841.o)
                              c:/program files (x86)/atmel/atmel toolchain/avr8 gcc/native/3.4.1061/avr8-gnu-toolchain/bin/../lib/gcc/avr/4.8.1/../../../../avr/lib/avr25\libc.a(eewr_word_attiny841.o) (__eewr_byte_tn841)

Memory Configuration

Name             Origin             Length             Attributes
text             0x00000000         0x00002000         xr
data             0x00800060         0x0000ffa0         rw !x
eeprom           0x00810000         0x00010000         rw !x
fuse             0x00820000         0x00000400         rw !x
lock             0x00830000         0x00000400         rw !x
signature        0x00840000         0x00000400         rw !x
user_signatures  0x00850000         0x00000400         rw !x
*default*        0x00000000         0xffffffff

Linker script and memory map

Address of section .data set to 0x800100
LOAD c:/program files (x86)/atmel/atmel toolchain/avr8 gcc/native/3.4.1061/avr8-gnu-toolchain/bin/../lib/gcc/avr/4.8.1/../../../../avr/lib/avr25/crttn841.o
LOAD TwoWire841.o
LOAD bootloader-attiny.o
START GROUP
LOAD c:/program files (x86)/atmel/atmel toolchain/avr8 gcc/native/3.4.1061/avr8-gnu-toolchain/bin/../lib/gcc/avr/4.8.1/../../../../avr/lib/avr25\libm.a
END GROUP
Address of section .text set to 0x1a00
Address of section .vectors set to 0x0
LOAD c:/program files (x86)/atmel/atmel toolchain/avr8 gcc/native/3.4.1061/avr8-gnu-toolchain/bin/../lib/gcc/avr/4.8.1/avr25\libgcc.a
LOAD c:/program files (x86)/atmel/atmel toolchain/avr8 gcc/native/3.4.1061/avr8-gnu-toolchain/bin/../lib/gcc/avr/4.8.1/../../../../avr/lib/avr25\libm.a
START GROUP
LOAD c:/program files (x86)/atmel/atmel toolchain/avr8 gcc/native/3.4.1061/avr8-gnu-toolchain/bin/../lib/gcc/avr/4.8.1/avr25\libgcc.a
LOAD c:/program files (x86)/atmel/atmel toolchain/avr8 gcc/native/3.4.1061/avr8-gnu-toolchain/bin/../lib/gcc/avr/4.8.1/../../../../avr/lib/avr25\libm.a
LOAD c:/program files (x86)/atmel/atmel toolchain/avr8 gcc/native/3.4.1061/avr8-gnu-toolchain/bin/../lib/gcc/avr/4.8.1/../../../../avr/lib/avr25\libc.a
END GROUP

.hash
 *(.hash)

.dynsym
 *(.dynsym)

.dynstr
 *(.dynstr)

.gnu.version
 *(.gnu.version)

.gnu.version_d
 *(.gnu.version_d)

.gnu.version_r
 *(.gnu.version_r)

.rel.init
 *(.rel.init)

.rela.init
 *(.rela.init)

.rel.text
 *(.rel.text)
 *(.rel.text.*)
 *(.rel.gnu.linkonce.t*)

.rela.text
 *(.rela.text)
 *(.rela.text.*)
 *(.rela.gnu.linkonce.t*)

.rel.fini
 *(.rel.fini)

.rela.fini
 *(.rela.fini)

.rel.rodata
 *(.rel.rodata)
 *(.rel.rodata.*)
 *(.rel.gnu.linkonce.r*)

.rela.rodata
 *(.rela.rodata)
 *(.rela.rodata.*)
 *(.rela.gnu.linkonce.r*)

.rel.data
 *(.rel.data)
 *(.rel.data.*)
 *(.rel.gnu.linkonce.d*)

.rela.data
 *(.rela.data)
 *(.rela.data.*)
 *(.rela.gnu.linkonce.d*)

.rel.ctors
 *(.rel.ctors)

.rela.ctors
 *(.rela.ctors)

.rel.dtors
 *(.rel.dtors)

.rela.dtors
 *(.rela.dtors)

.rel.got
 *(.rel.got)

.rela.got
 *(.rela.got)

.rel.bss
 *(.rel.bss)

.rela.bss
 *(.rela.bss)

.rel.plt
 *(.rel.plt)

.rela.plt
 *(.rela.plt)

.text           0x00001a00      0x4ac
 *(.vectors)
 .vectors       0x00001a00       0x3c c:/program files (x86)/atmel/atmel toolchain/avr8 gcc/native/3.4.1061/avr8-gnu-toolchain/bin/../lib/gcc/avr/4.8.1/../../../../avr/lib/avr25/crttn841.o
                0x00001a00                __vector_default
                0x00001a00                __vectors
 *(.vectors)
 *(.progmem.gcc*)
 .progmem.gcc_sw_table._Z15TwoWireCallbackhPhhh
                0x00001a3c        0xe bootloader-attiny.o
                0x00001a4a                . = ALIGN (0x2)
                0x00001a4a                __trampolines_start = .
 *(.trampolines)
 .trampolines   0x00001a4a        0x0 linker stubs
 *(.trampolines*)
                0x00001a4a                __trampolines_end = .
 *(.progmem*)
                0x00001a4a                . = ALIGN (0x2)
 *(.jumptables)
 *(.jumptables*)
 *(.lowtext)
 *(.lowtext*)
                0x00001a4a                __ctors_start = .
 *(.ctors)
                0x00001a4a                __ctors_end = .
                0x00001a4a                __dtors_start = .
 *(.dtors)
                0x00001a4a                __dtors_end = .
 SORT(*)(.ctors)
 SORT(*)(.dtors)
 *(.init0)
 .init0         0x00001a4a        0x0 c:/program files (x86)/atmel/atmel toolchain/avr8 gcc/native/3.4.1061/avr8-gnu-toolchain/bin/../lib/gcc/avr/4.8.1/../../../../avr/lib/avr25/crttn841.o
                0x00001a4a                __init
 *(.init0)
 *(.init1)
 *(.init1)
 *(.init2)
 .init2         0x00001a4a        0xc c:/program files (x86)/atmel/atmel toolchain/avr8 gcc/native/3.4.1061/avr8-gnu-toolchain/bin/../lib/gcc/avr/4.8.1/../../../../avr/lib/avr25/crttn841.o
 *(.init2)
 *(.init3)
 *(.init3)
 *(.init4)
 .init4         0x00001a56       0x10 c:/program files (x86)/atmel/atmel toolchain/avr8 gcc/native/3.4.1061/avr8-gnu-toolchain/bin/../lib/gcc/avr/4.8.1/avr25\libgcc.a(_clear_bss.o)
                0x00001a56                __do_clear_bss
 *(.init4)
 *(.init5)
 *(.init5)
 *(.init6)
 *(.init6)
 *(.init7)
 *(.init7)
 *(.init8)
 *(.init8)
 *(.init9)
 .init9         0x00001a66        0x4 c:/program files (x86)/atmel/atmel toolchain/avr8 gcc/native/3.4.1061/avr8-gnu-toolchain/bin/../lib/gcc/avr/4.8.1/../../../../avr/lib/avr25/crttn841.o
 *(.init9)
 *(.text)
 .text          0x00001a6a        0x2 c:/program files (x86)/atmel/atmel toolchain/avr8 gcc/native/3.4.1061/avr8-gnu-toolchain/bin/../lib/gcc/avr/4.8.1/../../../../avr/lib/avr25/crttn841.o
                0x00001a6a                __vector_22
                0x00001a6a                __vector_28
                0x00001a6a                __vector_1
                0x00001a6a                __vector_24
                0x00001a6a                __vector_12
                0x00001a6a                __bad_interrupt
                0x00001a6a                __vector_6
                0x00001a6a                __vector_3
                0x00001a6a                __vector_23
                0x00001a6a                __vector_25
                0x00001a6a                __vector_11
                0x00001a6a                __vector_13
                0x00001a6a                __vector_17
                0x00001a6a                __vector_19
                0x00001a6a                __vector_7
                0x00001a6a                __vector_27
                0x00001a6a                __vector_5
                0x00001a6a                __vector_4
                0x00001a6a                __vector_9
                0x00001a6a                __vector_2
                0x00001a6a                __vector_21
                0x00001a6a                __vector_15
                0x00001a6a                __vector_29
                0x00001a6a                __vector_8
                0x00001a6a                __vector_26
                0x00001a6a                __vector_14
                0x00001a6a                __vector_10
                0x00001a6a                __vector_16
                0x00001a6a                __vector_18
                0x00001a6a                __vector_20
 .text          0x00001a6c        0x0 TwoWire841.o
 .text          0x00001a6c        0x0 bootloader-attiny.o
 .text          0x00001a6c        0x0 c:/program files (x86)/atmel/atmel toolchain/avr8 gcc/native/3.4.1061/avr8-gnu-toolchain/bin/../lib/gcc/avr/4.8.1/avr25\libgcc.a(_exit.o)
 .text          0x00001a6c        0x0 c:/program files (x86)/atmel/atmel toolchain/avr8 gcc/native/3.4.1061/avr8-gnu-toolchain/bin/../lib/gcc/avr/4.8.1/avr25\libgcc.a(_clear_bss.o)
 .text          0x00001a6c        0x0 c:/program files (x86)/atmel/atmel toolchain/avr8 gcc/native/3.4.1061/avr8-gnu-toolchain/bin/../lib/gcc/avr/4.8.1/../../../../avr/lib/avr25\libc.a(eerd_word_attiny841.o)
 .text          0x00001a6c        0x0 c:/program files (x86)/atmel/atmel toolchain/avr8 gcc/native/3.4.1061/avr8-gnu-toolchain/bin/../lib/gcc/avr/4.8.1/../../../../avr/lib/avr25\libc.a(eewr_word_attiny841.o)
 .text          0x00001a6c        0x0 c:/program files (x86)/atmel/atmel toolchain/avr8 gcc/native/3.4.1061/avr8-gnu-toolchain/bin/../lib/gcc/avr/4.8.1/../../../../avr/lib/avr25\libc.a(eerd_block_attiny841.o)
 .text          0x00001a6c        0x0 c:/program files (x86)/atmel/atmel toolchain/avr8 gcc/native/3.4.1061/avr8-gnu-toolchain/bin/../lib/gcc/avr/4.8.1/../../../../avr/lib/avr25\libc.a(eewr_byte_attiny841.o)
                0x00001a6c                . = ALIGN (0x2)
 *(.text.*)
 .text._ZL12_Acknowledgebb
                0x00001a6c       0x2c TwoWire841.o
 .text._Z11TwoWireInith
                0x00001a98       0x14 TwoWire841.o
                0x00001a98                _Z11TwoWireInith
 .text._Z23TwoWireSetDeviceAddressh
                0x00001aac        0xc TwoWire841.o
                0x00001aac                _Z23TwoWireSetDeviceAddressh
 .text._Z23TwoWireGetDeviceAddressv
                0x00001ab8        0x6 TwoWire841.o
                0x00001ab8                _Z23TwoWireGetDeviceAddressv
 .text._Z13TwoWireUpdatev
                0x00001abe       0xfc TwoWire841.o
                0x00001abe                _Z13TwoWireUpdatev
 .text._Z9erasePagej
                0x00001bba       0x1e bootloader-attiny.o
                0x00001bba                _Z9erasePagej
 .text._Z8readPagehPh
                0x00001bd8       0x20 bootloader-attiny.o
                0x00001bd8                _Z8readPagehPh
 .text._Z9writePagejPh
                0x00001bf8       0x5c bootloader-attiny.o
                0x00001bf8                _Z9writePagejPh
 .text._Z6blExitv
                0x00001c54        0x2 bootloader-attiny.o
                0x00001c54                _Z6blExitv
 .text._Z12loadDeviceIDv
                0x00001c56       0x1c bootloader-attiny.o
                0x00001c56                _Z12loadDeviceIDv
 .text._Z13storeDeviceIDv
                0x00001c72        0xe bootloader-attiny.o
                0x00001c72                _Z13storeDeviceIDv
 .text._Z7getWordPh
                0x00001c80       0x10 bootloader-attiny.o
                0x00001c80                _Z7getWordPh
 .text._Z13checkDeviceIDPh
                0x00001c90       0x22 bootloader-attiny.o
                0x00001c90                _Z13checkDeviceIDPh
 .text._Z15TwoWireCallbackhPhhh
                0x00001cb2      0x13c bootloader-attiny.o
                0x00001cb2                _Z15TwoWireCallbackhPhhh
 .text._Z19twiReadDataCallbackPhh
                0x00001dee        0x4 bootloader-attiny.o
                0x00001dee                _Z19twiReadDataCallbackPhh
 .text.startup.main
                0x00001df2       0x6a bootloader-attiny.o
                0x00001df2                main
 .text.libgcc.mul
                0x00001e5c        0x0 c:/program files (x86)/atmel/atmel toolchain/avr8 gcc/native/3.4.1061/avr8-gnu-toolchain/bin/../lib/gcc/avr/4.8.1/avr25\libgcc.a(_exit.o)
 .text.libgcc.div
                0x00001e5c        0x0 c:/program files (x86)/atmel/atmel toolchain/avr8 gcc/native/3.4.1061/avr8-gnu-toolchain/bin/../lib/gcc/avr/4.8.1/avr25\libgcc.a(_exit.o)
 .text.libgcc   0x00001e5c        0x0 c:/program files (x86)/atmel/atmel toolchain/avr8 gcc/native/3.4.1061/avr8-gnu-toolchain/bin/../lib/gcc/avr/4.8.1/avr25\libgcc.a(_exit.o)
 .text.libgcc.prologue
                0x00001e5c        0x0 c:/program files (x86)/atmel/atmel toolchain/avr8 gcc/native/3.4.1061/avr8-gnu-toolchain/bin/../lib/gcc/avr/4.8.1/avr25\libgcc.a(_exit.o)
 .text.libgcc.builtins
                0x00001e5c        0x0 c:/program files (x86)/atmel/atmel toolchain/avr8 gcc/native/3.4.1061/avr8-gnu-toolchain/bin/../lib/gcc/avr/4.8.1/avr25\libgcc.a(_exit.o)
 .text.libgcc.fmul
                0x00001e5c        0x0 c:/program files (x86)/atmel/atmel toolchain/avr8 gcc/native/3.4.1061/avr8-gnu-toolchain/bin/../lib/gcc/avr/4.8.1/avr25\libgcc.a(_exit.o)
 .text.libgcc.fixed
                0x00001e5c        0x0 c:/program files (x86)/atmel/atmel toolchain/avr8 gcc/native/3.4.1061/avr8-gnu-toolchain/bin/../lib/gcc/avr/4.8.1/avr25\libgcc.a(_exit.o)
 .text.libgcc.mul
                0x00001e5c        0x0 c:/program files (x86)/atmel/atmel toolchain/avr8 gcc/native/3.4.1061/avr8-gnu-toolchain/bin/../lib/gcc/avr/4.8.1/avr25\libgcc.a(_clear_bss.o)
 .text.libgcc.div
                0x00001e5c        0x0 c:/program files (x86)/atmel/atmel toolchain/avr8 gcc/native/3.4.1061/avr8-gnu-toolchain/bin/../lib/gcc/avr/4.8.1/avr25\libgcc.a(_clear_bss.o)
 .text.libgcc   0x00001e5c        0x0 c:/program files (x86)/atmel/atmel toolchain/avr8 gcc/native/3.4.1061/avr8-gnu-toolchain/bin/../lib/gcc/avr/4.8.1/avr25\libgcc.a(_clear_bss.o)
 .text.libgcc.prologue
                0x00001e5c        0x0 c:/program files (x86)/atmel/atmel toolchain/avr8 gcc/native/3.4.1061/avr8-gnu-toolchain/bin/../lib/gcc/avr/4.8.1/avr25\libgcc.a(_clear_bss.o)
 .text.libgcc.builtins
                0x00001e5c        0x0 c:/program files (x86)/atmel/atmel toolchain/avr8 gcc/native/3.4.1061/avr8-gnu-toolchain/bin/../lib/gcc/avr/4.8.1/avr25\libgcc.a(_clear_bss.o)
 .text.libgcc.fmul
                0x00001e5c        0x0 c:/program files (x86)/atmel/atmel toolchain/avr8 gcc/native/3.4.1061/avr8-gnu-toolchain/bin/../lib/gcc/avr/4.8.1/avr25\libgcc.a(_clear_bss.o)
 .text.libgcc.fixed
                0x00001e5c        0x0 c:/program files (x86)/atmel/atmel toolchain/avr8 gcc/native/3.4.1061/avr8-gnu-toolchain/bin/../lib/gcc/avr/4.8.1/avr25\libgcc.a(_clear_bss.o)
 .text.avr-libc
                0x00001e5c        0xa c:/program files (x86)/atmel/atmel toolchain/avr8 gcc/native/3.4.1061/avr8-gnu-toolchain/bin/../lib/gcc/avr/4.8.1/../../../../avr/lib/avr25\libc.a(eerd_word_attiny841.o)
                0x00001e5c                __eerd_word_tn841
 .text.avr-libc
                0x00001e66        0x6 c:/program files (x86)/atmel/atmel toolchain/avr8 gcc/native/3.4.1061/avr8-gnu-toolchain/bin/../lib/gcc/avr/4.8.1/../../../../avr/lib/avr25\libc.a(eewr_word_attiny841.o)
                0x00001e66                __eewr_word_tn841
 .text.avr-libc
                0x00001e6c       0x20 c:/program files (x86)/atmel/atmel toolchain/avr8 gcc/native/3.4.1061/avr8-gnu-toolchain/bin/../lib/gcc/avr/4.8.1/../../../../avr/lib/avr25\libc.a(eerd_block_attiny841.o)
                0x00001e6c                __eerd_block_tn841
                0x00001e70                __eerd_blraw_tn841
 .text.avr-libc
                0x00001e8c       0x1c c:/program files (x86)/atmel/atmel toolchain/avr8 gcc/native/3.4.1061/avr8-gnu-toolchain/bin/../lib/gcc/avr/4.8.1/../../../../avr/lib/avr25\libc.a(eewr_byte_attiny841.o)
                0x00001e8c                __eewr_byte_tn841
                0x00001e8e                __eewr_r18_tn841
                0x00001ea8                . = ALIGN (0x2)
 *(.fini9)
 .fini9         0x00001ea8        0x0 c:/program files (x86)/atmel/atmel toolchain/avr8 gcc/native/3.4.1061/avr8-gnu-toolchain/bin/../lib/gcc/avr/4.8.1/avr25\libgcc.a(_exit.o)
                0x00001ea8                _exit
                0x00001ea8                exit
 *(.fini9)
 *(.fini8)
 *(.fini8)
 *(.fini7)
 *(.fini7)
 *(.fini6)
 *(.fini6)
 *(.fini5)
 *(.fini5)
 *(.fini4)
 *(.fini4)
 *(.fini3)
 *(.fini3)
 *(.fini2)
 *(.fini2)
 *(.fini1)
 *(.fini1)
 *(.fini0)
 .fini0         0x00001ea8        0x4 c:/program files (x86)/atmel/atmel toolchain/avr8 gcc/native/3.4.1061/avr8-gnu-toolchain/bin/../lib/gcc/avr/4.8.1/avr25\libgcc.a(_exit.o)
 *(.fini0)
                0x00001eac                _etext = .

.data           0x00800100        0x0 load address 0x00001eac
                0x00800100                PROVIDE (__data_start, .)
 *(.data)
 .data          0x00800100        0x0 c:/program files (x86)/atmel/atmel toolchain/avr8 gcc/native/3.4.1061/avr8-gnu-toolchain/bin/../lib/gcc/avr/4.8.1/../../../../avr/lib/avr25/crttn841.o
 .data          0x00800100        0x0 TwoWire841.o
 .data          0x00800100        0x0 bootloader-attiny.o
 .data          0x00800100        0x0 c:/program files (x86)/atmel/atmel toolchain/avr8 gcc/native/3.4.1061/avr8-gnu-toolchain/bin/../lib/gcc/avr/4.8.1/avr25\libgcc.a(_exit.o)
 .data          0x00800100        0x0 c:/program files (x86)/atmel/atmel toolchain/avr8 gcc/native/3.4.1061/avr8-gnu-toolchain/bin/../lib/gcc/avr/4.8.1/avr25\libgcc.a(_clear_bss.o)
 .data          0x00800100        0x0 c:/program files (x86)/atmel/atmel toolchain/avr8 gcc/native/3.4.1061/avr8-gnu-toolchain/bin/../lib/gcc/avr/4.8.1/../../../../avr/lib/avr25\libc.a(eerd_word_attiny841.o)
 .data          0x00800100        0x0 c:/program files (x86)/atmel/atmel toolchain/avr8 gcc/native/3.4.1061/avr8-gnu-toolchain/bin/../lib/gcc/avr/4.8.1/../../../../avr/lib/avr25\libc.a(eewr_word_attiny841.o)
 .data          0x00800100        0x0 c:/program files (x86)/atmel/atmel toolchain/avr8 gcc/native/3.4.1061/avr8-gnu-toolchain/bin/../lib/gcc/avr/4.8.1/../../../../avr/lib/avr25\libc.a(eerd_block_attiny841.o)
 .data          0x00800100        0x0 c:/program files (x86)/atmel/atmel toolchain/avr8 gcc/native/3.4.1061/avr8-gnu-toolchain/bin/../lib/gcc/avr/4.8.1/../../../../avr/lib/avr25\libc.a(eewr_byte_attiny841.o)
 *(.data*)
 *(.rodata)
 *(.rodata*)
 *(.gnu.linkonce.d*)
                0x00800100                . = ALIGN (0x2)
                0x00800100                _edata = .
                0x00800100                PROVIDE (__data_end, .)

.bss            0x00800100       0x27
                0x00800100                PROVIDE (__bss_start, .)
 *(.bss)
 .bss           0x00800100        0x0 c:/program files (x86)/atmel/atmel toolchain/avr8 gcc/native/3.4.1061/avr8-gnu-toolchain/bin/../lib/gcc/avr/4.8.1/../../../../avr/lib/avr25/crttn841.o
 .bss           0x00800100        0x0 TwoWire841.o
 .bss           0x00800100        0x0 bootloader-attiny.o
 .bss           0x00800100        0x0 c:/program files (x86)/atmel/atmel toolchain/avr8 gcc/native/3.4.1061/avr8-gnu-toolchain/bin/../lib/gcc/avr/4.8.1/avr25\libgcc.a(_exit.o)
 .bss           0x00800100        0x0 c:/program files (x86)/atmel/atmel toolchain/avr8 gcc/native/3.4.1061/avr8-gnu-toolchain/bin/../lib/gcc/avr/4.8.1/avr25\libgcc.a(_clear_bss.o)
 .bss           0x00800100        0x0 c:/program files (x86)/atmel/atmel toolchain/avr8 gcc/native/3.4.1061/avr8-gnu-toolchain/bin/../lib/gcc/avr/4.8.1/../../../../avr/lib/avr25\libc.a(eerd_word_attiny841.o)
 .bss           0x00800100        0x0 c:/program files (x86)/atmel/atmel toolchain/avr8 gcc/native/3.4.1061/avr8-gnu-toolchain/bin/../lib/gcc/avr/4.8.1/../../../../avr/lib/avr25\libc.a(eewr_word_attiny841.o)
 .bss           0x00800100        0x0 c:/program files (x86)/atmel/atmel toolchain/avr8 gcc/native/3.4.1061/avr8-gnu-toolchain/bin/../lib/gcc/avr/4.8.1/../../../../avr/lib/avr25\libc.a(eerd_block_attiny841.o)
 .bss           0x00800100        0x0 c:/program files (x86)/atmel/atmel toolchain/avr8 gcc/native/3.4.1061/avr8-gnu-toolchain/bin/../lib/gcc/avr/4.8.1/../../../../avr/lib/avr25\libc.a(eewr_byte_attiny841.o)
 *(.bss*)
 .bss._ZL8twiState
                0x00800100        0x1 TwoWire841.o
 .bss._ZL10twiAddress
                0x00800101        0x1 TwoWire841.o
 .bss._ZL10twiReadPos
                0x00800102        0x1 TwoWire841.o
 .bss._ZL12twiBufferLen
                0x00800103        0x1 TwoWire841.o
 .bss._ZL9twiBuffer
                0x00800104       0x20 TwoWire841.o
 .bss._ZL14_deviceAddress
                0x00800124        0x1 TwoWire841.o
 .bss._ZL9_deviceID
                0x00800125        0x2 bootloader-attiny.o
 *(COMMON)
                0x00800127                PROVIDE (__bss_end, .)
                0x00001eac                __data_load_start = LOADADDR (.data)
                0x00001eac                __data_load_end = (__data_load_start + SIZEOF (.data))

.noinit         0x00800127        0x0
                0x00800127                PROVIDE (__noinit_start, .)
 *(.noinit*)
                0x00800127                PROVIDE (__noinit_end, .)
                0x00800127                _end = .
                0x00800127                PROVIDE (__heap_start, .)

.eeprom         0x00810000        0x0
 *(.eeprom*)
                0x00810000                __eeprom_end = .

.fuse
 *(.fuse)
 *(.lfuse)
 *(.hfuse)
 *(.efuse)

.lock
 *(.lock*)

.signature
 *(.signature*)

.user_signatures
 *(.user_signatures*)

.stab
 *(.stab)

.stabstr
 *(.stabstr)

.stab.excl
 *(.stab.excl)

.stab.exclstr
 *(.stab.exclstr)

.stab.index
 *(.stab.index)

.stab.indexstr
 *(.stab.indexstr)

.comment        0x00000000       0x30
 *(.comment)
 .comment       0x00000000       0x30 TwoWire841.o
                                 0x31 (size before relaxing)
 .comment       0x00000000       0x31 bootloader-attiny.o

.note.gnu.build-id
 *(.note.gnu.build-id)

.debug
 *(.debug)

.line
 *(.line)

.debug_srcinfo
 *(.debug_srcinfo)

.debug_sfnames
 *(.debug_sfnames)

.debug_aranges  0x00000000       0xb0
 *(.debug_aranges)
 .debug_aranges
                0x00000000       0x40 TwoWire841.o
 .debug_aranges
                0x00000040       0x70 bootloader-attiny.o

.debug_pubnames
 *(.debug_pubnames)

.debug_info     0x00000000      0x965
 *(.debug_info .gnu.linkonce.wi.*)
 .debug_info    0x00000000      0x2e5 TwoWire841.o
 .debug_info    0x000002e5      0x680 bootloader-attiny.o

.debug_abbrev   0x00000000      0x414
 *(.debug_abbrev)
 .debug_abbrev  0x00000000      0x1b1 TwoWire841.o
 .debug_abbrev  0x000001b1      0x263 bootloader-attiny.o

.debug_line     0x00000000      0x3ea
 *(.debug_line .debug_line.* .debug_line_end)
 .debug_line    0x00000000      0x159 TwoWire841.o
 .debug_line    0x00000159      0x291 bootloader-attiny.o

.debug_frame    0x00000000      0x170
 *(.debug_frame)
 .debug_frame   0x00000000       0x84 TwoWire841.o
 .debug_frame   0x00000084       0xec bootloader-attiny.o

.debug_str      0x00000000      0x49c
 *(.debug_str)
 .debug_str     0x00000000      0x309 TwoWire841.o
                                0x33d (size before relaxing)
 .debug_str     0x00000309      0x193 bootloader-attiny.o
                                0x363 (size before relaxing)

.debug_loc      0x00000000      0x752
 *(.debug_loc)
 .debug_loc     0x00000000      0x1ae TwoWire841.o
 .debug_loc     0x000001ae      0x5a4 bootloader-attiny.o

.debug_macinfo
 *(.debug_macinfo)

.debug_weaknames
 *(.debug_weaknames)

.debug_funcnames
 *(.debug_funcnames)

.debug_typenames
 *(.debug_typenames)

.debug_varnames
 *(.debug_varnames)

.debug_pubtypes
 *(.debug_pubtypes)

.debug_ranges   0x00000000       0xa8
 *(.debug_ranges)
 .debug_ranges  0x00000000       0x48 TwoWire841.o
 .debug_ranges  0x00000048       0x60 bootloader-attiny.o

.debug_macro
 *(.debug_macro)
OUTPUT(bootloader-attiny.elf elf32-avr)
LOAD linker stubs

.vectors        0x00000000        0x0
